============================= test session starts ==============================
platform linux -- Python 3.6.9, pytest-5.3.1, py-1.8.0, pluggy-0.13.1
rootdir: /home/ben/rps
collected 5 items

python/test_games.py ..                                                  [ 40%]
python/test_mcts.py ...                                                  [100%]

============================== 5 passed in 5.17s ===============================
